Loaded ZENVIA_API_TOKEN from .env

­ƒÜÇ Starting Batch for 8 targets...
Message: "EXPANSIVO: Teste de sistema. Acesse seu portal em: https://meuexpansivo.app"
---------------------------------------------------
­ƒô¿ Sending to Vivianny (54321) - 5584988739180...
Using Zenvia Token: YES (Hidden)
Ô£à [Zenvia] Status: 200 | ID: 8cad4943-7a6e-4bc9-a33e-eed851c1352c
   Ô£à Success! ID: 8cad4943-7a6e-4bc9-a33e-eed851c1352c
­ƒô¿ Sending to Thiago (11111) - 5584988277188...
Using Zenvia Token: YES (Hidden)
Ô£à [Zenvia] Status: 200 | ID: 9fd15ce5-cae6-4d9c-ba78-a189e8e709ab
   Ô£à Success! ID: 9fd15ce5-cae6-4d9c-ba78-a189e8e709ab
­ƒô¿ Sending to Humberto J├║nior (88888) - 5584988903108...
Using Zenvia Token: YES (Hidden)
Ô£à [Zenvia] Status: 200 | ID: a01ee925-ff37-4951-b88a-d15f4ba2debf
   Ô£à Success! ID: a01ee925-ff37-4951-b88a-d15f4ba2debf
­ƒô¿ Sending to K├ítia Campos (54321) - 5584998087988...
Using Zenvia Token: YES (Hidden)
Ô£à [Zenvia] Status: 200 | ID: 3f780cf5-53da-4b45-88a0-7e53e9d6eafe
   Ô£à Success! ID: 3f780cf5-53da-4b45-88a0-7e53e9d6eafe
­ƒô¿ Sending to Waltemberg (77777) - 5584994316099...
Using Zenvia Token: YES (Hidden)
Ô£à [Zenvia] Status: 200 | ID: ee49a87e-724e-4db5-a86b-173ee4cf3c8a
   Ô£à Success! ID: ee49a87e-724e-4db5-a86b-173ee4cf3c8a
­ƒô¿ Sending to Humberto Campos (00000) - 5584988777361...
Using Zenvia Token: YES (Hidden)
Ô£à [Zenvia] Status: 200 | ID: 6c3c6f64-a07a-433c-b585-b23dae820970
   Ô£à Success! ID: 6c3c6f64-a07a-433c-b585-b23dae820970
­ƒô¿ Sending to Jameson (33333) - 5584994105100...
Using Zenvia Token: YES (Hidden)
Ô£à [Zenvia] Status: 200 | ID: 2a315629-cffa-4c44-a8af-83fffa9d5cf4
   Ô£à Success! ID: 2a315629-cffa-4c44-a8af-83fffa9d5cf4
­ƒô¿ Sending to Valentina Maria (1256) - 5584994412960...
Using Zenvia Token: YES (Hidden)
Ô£à [Zenvia] Status: 200 | ID: ec25c73d-61e2-4aa4-81d6-cfe6f9119256
   Ô£à Success! ID: ec25c73d-61e2-4aa4-81d6-cfe6f9119256

---------------------------------------------------
­ƒôè Final Report (JSON):
[
  {
    "code": "54321",
    "name": "Vivianny",
    "phone": "5584988739180",
    "msgId": "8cad4943-7a6e-4bc9-a33e-eed851c1352c",
    "status": "Success"
  },
  {
    "code": "11111",
    "name": "Thiago",
    "phone": "5584988277188",
    "msgId": "9fd15ce5-cae6-4d9c-ba78-a189e8e709ab",
    "status": "Success"
  },
  {
    "code": "88888",
    "name": "Humberto J├║nior",
    "phone": "5584988903108",
    "msgId": "a01ee925-ff37-4951-b88a-d15f4ba2debf",
    "status": "Success"
  },
  {
    "code": "54321",
    "name": "K├ítia Campos",
    "phone": "5584998087988",
    "msgId": "3f780cf5-53da-4b45-88a0-7e53e9d6eafe",
    "status": "Success"
  },
  {
    "code": "77777",
    "name": "Waltemberg",
    "phone": "5584994316099",
    "msgId": "ee49a87e-724e-4db5-a86b-173ee4cf3c8a",
    "status": "Success"
  },
  {
    "code": "00000",
    "name": "Humberto Campos",
    "phone": "5584988777361",
    "msgId": "6c3c6f64-a07a-433c-b585-b23dae820970",
    "status": "Success"
  },
  {
    "code": "33333",
    "name": "Jameson",
    "phone": "5584994105100",
    "msgId": "2a315629-cffa-4c44-a8af-83fffa9d5cf4",
    "status": "Success"
  },
  {
    "code": "1256",
    "name": "Valentina Maria",
    "phone": "5584994412960",
    "msgId": "ec25c73d-61e2-4aa4-81d6-cfe6f9119256",
    "status": "Success"
  }
]
